⚠ The "middleware" file convention is deprecated. Please use "proxy" instead. Learn more: https://nextjs.org/docs/messages/middleware-to-proxy
⚠ ../../node_modules/libheif-js/libheif-wasm/libheif-bundle.js
Critical dependency: require function is used in a way in which dependencies cannot be statically extracted

Import trace for requested module:
../../node_modules/libheif-js/libheif-wasm/libheif-bundle.js
../../node_modules/libheif-js/wasm-bundle.js
../../node_modules/heic-decode/index.js
../../node_modules/heic-convert/index.js
./app/api/v1/crm/account/media/route.ts
⚠ Fast Refresh had to perform a full reload due to a runtime error.
⚠ Fast Refresh had to perform a full reload due to a runtime error.
⨯ TypeError: Cannot read properties of undefined (reading 'trim')
    at colorWithOpacity (features\site-builder\blocks\services\services-catalog.tsx:153:28)
    at transparentToColorGradient (features\site-builder\blocks\services\services-catalog.tsx:160:87)
    at eval (features\site-builder\blocks\services\services-catalog.tsx:1943:23)
    at Array.map (<anonymous>)
    at ServicesCatalog (features\site-builder\blocks\services\services-catalog.tsx:1570:23)
  151 | function colorWithOpacity(color: string, opacityPercent: number) {
  152 |   const opacity = clamp(opacityPercent, 0, 100, 100) / 100;
> 153 |   const normalized = color.trim();
      |                            ^
  154 |   if (!normalized || normalized === "transparent" || opacity <= 0) return "transparent";
  155 |   if (/^#[0-9a-fA-F]{6}$/.test(normalized)) return rgbaFromHex(normalized, opacity);
  156 |   return normalized; {
  digest: '1933950333'
}
⨯ TypeError: Cannot read properties of undefined (reading 'trim')
    at colorWithOpacity (features\site-builder\blocks\services\services-catalog.tsx:153:28)
    at transparentToColorGradient (features\site-builder\blocks\services\services-catalog.tsx:160:87)
    at eval (features\site-builder\blocks\services\services-catalog.tsx:1943:23)
    at Array.map (<anonymous>)
    at ServicesCatalog (features\site-builder\blocks\services\services-catalog.tsx:1570:23)
  151 | function colorWithOpacity(color: string, opacityPercent: number) {
  152 |   const opacity = clamp(opacityPercent, 0, 100, 100) / 100;
> 153 |   const normalized = color.trim();
      |                            ^
  154 |   if (!normalized || normalized === "transparent" || opacity <= 0) return "transparent";
  155 |   if (/^#[0-9a-fA-F]{6}$/.test(normalized)) return rgbaFromHex(normalized, opacity);
  156 |   return normalized; {
  digest: '2488668690'
}
⚠ Fast Refresh had to perform a full reload due to a runtime error.
⨯ TypeError: Cannot read properties of undefined (reading 'trim')
    at colorWithOpacity (features\site-builder\blocks\services\services-catalog.tsx:153:28)
    at transparentToColorGradient (features\site-builder\blocks\services\services-catalog.tsx:160:87)
    at eval (features\site-builder\blocks\services\services-catalog.tsx:1951:23)
    at Array.map (<anonymous>)
    at ServicesCatalog (features\site-builder\blocks\services\services-catalog.tsx:1578:23)
  151 | function colorWithOpacity(color: string, opacityPercent: number) {
  152 |   const opacity = clamp(opacityPercent, 0, 100, 100) / 100;
> 153 |   const normalized = color.trim();
      |                            ^
  154 |   if (!normalized || normalized === "transparent" || opacity <= 0) return "transparent";
  155 |   if (/^#[0-9a-fA-F]{6}$/.test(normalized)) return rgbaFromHex(normalized, opacity);
  156 |   return normalized; {
  digest: '1933950333'
}
⨯ TypeError: Cannot read properties of undefined (reading 'trim')
    at colorWithOpacity (features\site-builder\blocks\services\services-catalog.tsx:153:28)
    at transparentToColorGradient (features\site-builder\blocks\services\services-catalog.tsx:160:87)
    at eval (features\site-builder\blocks\services\services-catalog.tsx:1951:23)
    at Array.map (<anonymous>)
    at ServicesCatalog (features\site-builder\blocks\services\services-catalog.tsx:1578:23)
  151 | function colorWithOpacity(color: string, opacityPercent: number) {
  152 |   const opacity = clamp(opacityPercent, 0, 100, 100) / 100;
> 153 |   const normalized = color.trim();
      |                            ^
  154 |   if (!normalized || normalized === "transparent" || opacity <= 0) return "transparent";
  155 |   if (/^#[0-9a-fA-F]{6}$/.test(normalized)) return rgbaFromHex(normalized, opacity);
  156 |   return normalized; {
  digest: '2488668690'
}
⚠ Fast Refresh had to perform a full reload due to a runtime error.
⚠ Fast Refresh had to perform a full reload due to a runtime error.
⨯ TypeError: Cannot read properties of undefined (reading 'trim')
    at colorWithOpacity (features\site-builder\blocks\services\services-catalog.tsx:153:28)
    at transparentToColorGradient (features\site-builder\blocks\services\services-catalog.tsx:160:87)
    at eval (features\site-builder\blocks\services\services-catalog.tsx:1989:23)
    at Array.map (<anonymous>)
    at ServicesCatalog (features\site-builder\blocks\services\services-catalog.tsx:1616:23)
  151 | function colorWithOpacity(color: string, opacityPercent: number) {
  152 |   const opacity = clamp(opacityPercent, 0, 100, 100) / 100;
> 153 |   const normalized = color.trim();
      |                            ^
  154 |   if (!normalized || normalized === "transparent" || opacity <= 0) return "transparent";
  155 |   if (/^#[0-9a-fA-F]{6}$/.test(normalized)) return rgbaFromHex(normalized, opacity);
  156 |   return normalized; {
  digest: '1933950333'
}
⨯ TypeError: Cannot read properties of undefined (reading 'trim')
    at colorWithOpacity (features\site-builder\blocks\services\services-catalog.tsx:153:28)
    at transparentToColorGradient (features\site-builder\blocks\services\services-catalog.tsx:160:87)
    at eval (features\site-builder\blocks\services\services-catalog.tsx:1989:23)
    at Array.map (<anonymous>)
    at ServicesCatalog (features\site-builder\blocks\services\services-catalog.tsx:1616:23)
  151 | function colorWithOpacity(color: string, opacityPercent: number) {
  152 |   const opacity = clamp(opacityPercent, 0, 100, 100) / 100;
> 153 |   const normalized = color.trim();
      |                            ^
  154 |   if (!normalized || normalized === "transparent" || opacity <= 0) return "transparent";
  155 |   if (/^#[0-9a-fA-F]{6}$/.test(normalized)) return rgbaFromHex(normalized, opacity);
  156 |   return normalized; {
  digest: '2488668690'
}
⚠ Fast Refresh had to perform a full reload due to a runtime error.
⚠ Fast Refresh had to perform a full reload due to a runtime error.
⚠ Fast Refresh had to perform a full reload due to a runtime error.
⚠ Fast Refresh had to perform a full reload due to a runtime error.
⨯ TypeError: Cannot read properties of undefined (reading 'trim')
    at colorWithOpacity (features\site-builder\blocks\specialists\specialists-catalog.tsx:143:28)
    at transparentToColorGradient (features\site-builder\blocks\specialists\specialists-catalog.tsx:150:87)
    at eval (features\site-builder\blocks\specialists\specialists-catalog.tsx:1441:23)
    at Array.map (<anonymous>)
    at SpecialistsCatalog (features\site-builder\blocks\specialists\specialists-catalog.tsx:1194:23)
  141 | function colorWithOpacity(color: string, opacityPercent: number) {
  142 |   const opacity = clamp(opacityPercent, 0, 100, 100) / 100;
> 143 |   const normalized = color.trim();
      |                            ^
  144 |   if (!normalized || normalized === "transparent" || opacity <= 0) return "transparent";
  145 |   if (/^#[0-9a-fA-F]{6}$/.test(normalized)) return rgbaFromHex(normalized, opacity);
  146 |   return normalized; {
  digest: '69218315'
}
⨯ TypeError: Cannot read properties of undefined (reading 'trim')
    at colorWithOpacity (features\site-builder\blocks\specialists\specialists-catalog.tsx:143:28)
    at transparentToColorGradient (features\site-builder\blocks\specialists\specialists-catalog.tsx:150:87)
    at eval (features\site-builder\blocks\specialists\specialists-catalog.tsx:1441:23)
    at Array.map (<anonymous>)
    at SpecialistsCatalog (features\site-builder\blocks\specialists\specialists-catalog.tsx:1194:23)
  141 | function colorWithOpacity(color: string, opacityPercent: number) {
  142 |   const opacity = clamp(opacityPercent, 0, 100, 100) / 100;
> 143 |   const normalized = color.trim();
      |                            ^
  144 |   if (!normalized || normalized === "transparent" || opacity <= 0) return "transparent";
  145 |   if (/^#[0-9a-fA-F]{6}$/.test(normalized)) return rgbaFromHex(normalized, opacity);
  146 |   return normalized; {
  digest: '600916676'
}
⚠ Fast Refresh had to perform a full reload due to a runtime error.
⚠ Fast Refresh had to perform a full reload due to a runtime error.
⚠ Fast Refresh had to perform a full reload due to a runtime error.
⚠ Fast Refresh had to perform a full reload due to a runtime error.
⨯ TypeError: Cannot read properties of undefined (reading 'trim')
    at colorWithOpacity (features\site-builder\blocks\specialists\specialists-catalog.tsx:143:28)
    at transparentToColorGradient (features\site-builder\blocks\specialists\specialists-catalog.tsx:150:87)
    at eval (features\site-builder\blocks\specialists\specialists-catalog.tsx:1449:23)
    at Array.map (<anonymous>)
    at SpecialistsCatalog (features\site-builder\blocks\specialists\specialists-catalog.tsx:1202:23)
  141 | function colorWithOpacity(color: string, opacityPercent: number) {
  142 |   const opacity = clamp(opacityPercent, 0, 100, 100) / 100;
> 143 |   const normalized = color.trim();
      |                            ^
  144 |   if (!normalized || normalized === "transparent" || opacity <= 0) return "transparent";
  145 |   if (/^#[0-9a-fA-F]{6}$/.test(normalized)) return rgbaFromHex(normalized, opacity);
  146 |   return normalized; {
  digest: '69218315'
}
⨯ TypeError: Cannot read properties of undefined (reading 'trim')
    at colorWithOpacity (features\site-builder\blocks\specialists\specialists-catalog.tsx:143:28)
    at transparentToColorGradient (features\site-builder\blocks\specialists\specialists-catalog.tsx:150:87)
    at eval (features\site-builder\blocks\specialists\specialists-catalog.tsx:1449:23)
    at Array.map (<anonymous>)
    at SpecialistsCatalog (features\site-builder\blocks\specialists\specialists-catalog.tsx:1202:23)
  141 | function colorWithOpacity(color: string, opacityPercent: number) {
  142 |   const opacity = clamp(opacityPercent, 0, 100, 100) / 100;
> 143 |   const normalized = color.trim();
      |                            ^
  144 |   if (!normalized || normalized === "transparent" || opacity <= 0) return "transparent";
  145 |   if (/^#[0-9a-fA-F]{6}$/.test(normalized)) return rgbaFromHex(normalized, opacity);
  146 |   return normalized; {
  digest: '600916676'
}
⚠ Fast Refresh had to perform a full reload due to a runtime error.
⨯ TypeError: Cannot read properties of undefined (reading 'trim')
    at colorWithOpacity (features\site-builder\blocks\specialists\specialists-catalog.tsx:143:28)
    at transparentToColorGradient (features\site-builder\blocks\specialists\specialists-catalog.tsx:150:87)
    at eval (features\site-builder\blocks\specialists\specialists-catalog.tsx:1487:23)
    at Array.map (<anonymous>)
    at SpecialistsCatalog (features\site-builder\blocks\specialists\specialists-catalog.tsx:1240:23)
  141 | function colorWithOpacity(color: string, opacityPercent: number) {
  142 |   const opacity = clamp(opacityPercent, 0, 100, 100) / 100;
> 143 |   const normalized = color.trim();
      |                            ^
  144 |   if (!normalized || normalized === "transparent" || opacity <= 0) return "transparent";
  145 |   if (/^#[0-9a-fA-F]{6}$/.test(normalized)) return rgbaFromHex(normalized, opacity);
  146 |   return normalized; {
  digest: '69218315'
}
⚠ Fast Refresh had to perform a full reload due to a runtime error.
⨯ TypeError: Cannot read properties of undefined (reading 'trim')
    at colorWithOpacity (features\site-builder\blocks\specialists\specialists-catalog.tsx:143:28)
    at transparentToColorGradient (features\site-builder\blocks\specialists\specialists-catalog.tsx:150:87)
    at eval (features\site-builder\blocks\specialists\specialists-catalog.tsx:1487:23)
    at Array.map (<anonymous>)
    at SpecialistsCatalog (features\site-builder\blocks\specialists\specialists-catalog.tsx:1240:23)
  141 | function colorWithOpacity(color: string, opacityPercent: number) {
  142 |   const opacity = clamp(opacityPercent, 0, 100, 100) / 100;
> 143 |   const normalized = color.trim();
      |                            ^
  144 |   if (!normalized || normalized === "transparent" || opacity <= 0) return "transparent";
  145 |   if (/^#[0-9a-fA-F]{6}$/.test(normalized)) return rgbaFromHex(normalized, opacity);
  146 |   return normalized; {
  digest: '600916676'
}
⚠ Fast Refresh had to perform a full reload due to a runtime error.
⚠ Fast Refresh had to perform a full reload due to a runtime error.
⨯ ./features/site-builder/crm/site-renderer.tsx:5107:8
Syntax error: Identifier 'readDataNumber' has already been declared.

[0m [90m 5105 |[39m   [36mconst[39m readDataNumber [33m=[39m (key[33m:[39m string[33m,[39m fallback[33m:[39m number) [33m=>[39m
 [90m 5106 |[39m     [33mNumber[39m[33m.[39misFinite([33mNumber[39m(data[key])) [33m?[39m [33mNumber[39m(data[key]) [33m:[39m fallback[33m;[39m
[31m[1m>[22m[39m[90m 5107 |[39m   [36mconst[39m readDataNumber [33m=[39m (key[33m:[39m string[33m,[39m fallback[33m:[39m number) [33m=>[39m
 [90m      |[39m         [31m[1m^[22m[39m
 [90m 5108 |[39m     [33mNumber[39m[33m.[39misFinite([33mNumber[39m(data[key])) [33m?[39m [33mNumber[39m(data[key]) [33m:[39m fallback[33m;[39m
 [90m 5109 |[39m   [36mconst[39m readOptionalDataColor [33m=[39m (key[33m:[39m string) [33m=>[39m {
 [90m 5110 |[39m     [36mconst[39m value [33m=[39m readDataColor(key)[33m;[39m[0m
⚠ Fast Refresh had to perform a full reload due to a runtime error.
⚠ Fast Refresh had to perform a full reload due to a runtime error.
⚠ Fast Refresh had to perform a full reload due to a runtime error.
⚠ Fast Refresh had to perform a full reload due to a runtime error.
⨯ ReferenceError: glassPanelBackgroundImage is not defined
    at eval (features\site-builder\blocks\services\services-catalog.tsx:2029:42)
    at Array.map (<anonymous>)
    at ServicesCatalog (features\site-builder\blocks\services\services-catalog.tsx:1621:23)
  2027 |                       style={{
  2028 |                         top: -glassPanelFeather,
> 2029 |                         backgroundImage: glassPanelBackgroundImage,
       |                                          ^
  2030 |                         maskImage: glassPanelMaskImage,
  2031 |                         WebkitMaskImage: glassPanelMaskImage,
  2032 |                       }} {
  digest: '133202508'
}
⨯ ReferenceError: glassPanelBackgroundImage is not defined
    at eval (features\site-builder\blocks\services\services-catalog.tsx:2029:42)
    at Array.map (<anonymous>)
    at ServicesCatalog (features\site-builder\blocks\services\services-catalog.tsx:1621:23)
  2027 |                       style={{
  2028 |                         top: -glassPanelFeather,
> 2029 |                         backgroundImage: glassPanelBackgroundImage,
       |                                          ^
  2030 |                         maskImage: glassPanelMaskImage,
  2031 |                         WebkitMaskImage: glassPanelMaskImage,
  2032 |                       }} {
  digest: '3535524067'
}
⨯ ReferenceError: glassPanelBackgroundImage is not defined
    at eval (features\site-builder\blocks\specialists\specialists-catalog.tsx:1516:42)
    at Array.map (<anonymous>)
    at SpecialistsCatalog (features\site-builder\blocks\specialists\specialists-catalog.tsx:1245:23)
  1514 |                       style={{
  1515 |                         top: -glassPanelFeather,
> 1516 |                         backgroundImage: glassPanelBackgroundImage,
       |                                          ^
  1517 |                         maskImage: glassPanelMaskImage,
  1518 |                         WebkitMaskImage: glassPanelMaskImage,
  1519 |                       }} {
  digest: '3888879930'
}
⚠ Fast Refresh had to perform a full reload due to a runtime error.
⨯ ReferenceError: glassPanelBackgroundImage is not defined
    at eval (features\site-builder\blocks\specialists\specialists-catalog.tsx:1516:42)
    at Array.map (<anonymous>)
    at SpecialistsCatalog (features\site-builder\blocks\specialists\specialists-catalog.tsx:1245:23)
  1514 |                       style={{
  1515 |                         top: -glassPanelFeather,
> 1516 |                         backgroundImage: glassPanelBackgroundImage,
       |                                          ^
  1517 |                         maskImage: glassPanelMaskImage,
  1518 |                         WebkitMaskImage: glassPanelMaskImage,
  1519 |                       }} {
  digest: '756724469'
}
⚠ Fast Refresh had to perform a full reload due to a runtime error.
⚠ Fast Refresh had to perform a full reload due to a runtime error.
⨯ ReferenceError: glassPanelBackgroundImage is not defined
    at eval (features\site-builder\blocks\specialists\specialists-catalog.tsx:1516:42)
    at Array.map (<anonymous>)
    at SpecialistsCatalog (features\site-builder\blocks\specialists\specialists-catalog.tsx:1245:23)
  1514 |                       style={{
  1515 |                         top: -glassPanelFeather,
> 1516 |                         backgroundImage: glassPanelBackgroundImage,
       |                                          ^
  1517 |                         maskImage: glassPanelMaskImage,
  1518 |                         WebkitMaskImage: glassPanelMaskImage,
  1519 |                       }} {
  digest: '3888879930'
}
⚠ Fast Refresh had to perform a full reload due to a runtime error.
⨯ ReferenceError: glassPanelBackgroundImage is not defined
    at eval (features\site-builder\blocks\specialists\specialists-catalog.tsx:1516:42)
    at Array.map (<anonymous>)
    at SpecialistsCatalog (features\site-builder\blocks\specialists\specialists-catalog.tsx:1245:23)
  1514 |                       style={{
  1515 |                         top: -glassPanelFeather,
> 1516 |                         backgroundImage: glassPanelBackgroundImage,
       |                                          ^
  1517 |                         maskImage: glassPanelMaskImage,
  1518 |                         WebkitMaskImage: glassPanelMaskImage,
  1519 |                       }} {
  digest: '756724469'
}
⚠ Fast Refresh had to perform a full reload due to a runtime error.
⚠ Fast Refresh had to perform a full reload due to a runtime error.
⚠ Fast Refresh had to perform a full reload due to a runtime error.
⚠ Fast Refresh had to perform a full reload due to a runtime error.
⨯ ReferenceError: fullCardGlassMaskImage is not defined
    at eval (features\site-builder\blocks\services\services-catalog.tsx:1957:32)
    at Array.map (<anonymous>)
    at ServicesCatalog (features\site-builder\blocks\services\services-catalog.tsx:1626:23)
  1955 |                     backdropFilter: "blur(192px) saturate(2.15) contrast(0.82) brightness(1.08)",
  1956 |                     WebkitBackdropFilter: "blur(192px) saturate(2.15) contrast(0.82) brightness(1.08)",
> 1957 |                     maskImage: fullCardGlassMaskImage,
       |                                ^
  1958 |                     WebkitMaskImage: fullCardGlassMaskImage,
  1959 |                   }}
  1960 |                 /> {
  digest: '2333719610'
}
⨯ ReferenceError: fullCardGlassMaskImage is not defined
    at eval (features\site-builder\blocks\services\services-catalog.tsx:1957:32)
    at Array.map (<anonymous>)
    at ServicesCatalog (features\site-builder\blocks\services\services-catalog.tsx:1626:23)
  1955 |                     backdropFilter: "blur(192px) saturate(2.15) contrast(0.82) brightness(1.08)",
  1956 |                     WebkitBackdropFilter: "blur(192px) saturate(2.15) contrast(0.82) brightness(1.08)",
> 1957 |                     maskImage: fullCardGlassMaskImage,
       |                                ^
  1958 |                     WebkitMaskImage: fullCardGlassMaskImage,
  1959 |                   }}
  1960 |                 /> {
  digest: '680683311'
}
⚠ Fast Refresh had to perform a full reload due to a runtime error.
⚠ Fast Refresh had to perform a full reload due to a runtime error.
⚠ Fast Refresh had to perform a full reload due to a runtime error.
⨯ ReferenceError: fullCardSoftOverlayImage is not defined
    at eval (features\site-builder\blocks\specialists\specialists-catalog.tsx:1457:38)
    at Array.map (<anonymous>)
    at SpecialistsCatalog (features\site-builder\blocks\specialists\specialists-catalog.tsx:1238:23)
  1455 |                   className="pointer-events-none absolute inset-0 z-0"
  1456 |                   style={{
> 1457 |                     backgroundImage: fullCardSoftOverlayImage,
       |                                      ^
  1458 |                   }}
  1459 |                 />
  1460 |               )} {
  digest: '314894005'
}
⨯ ReferenceError: fullCardSoftOverlayImage is not defined
    at eval (features\site-builder\blocks\specialists\specialists-catalog.tsx:1457:38)
    at Array.map (<anonymous>)
    at SpecialistsCatalog (features\site-builder\blocks\specialists\specialists-catalog.tsx:1238:23)
  1455 |                   className="pointer-events-none absolute inset-0 z-0"
  1456 |                   style={{
> 1457 |                     backgroundImage: fullCardSoftOverlayImage,
       |                                      ^
  1458 |                   }}
  1459 |                 />
  1460 |               )} {
  digest: '2547845018'
}
⚠ Fast Refresh had to perform a full reload due to a runtime error.
⚠ Fast Refresh had to perform a full reload due to a runtime error.
⨯ ReferenceError: fullCardSoftOverlayImage is not defined
    at eval (features\site-builder\blocks\specialists\specialists-catalog.tsx:1457:38)
    at Array.map (<anonymous>)
    at SpecialistsCatalog (features\site-builder\blocks\specialists\specialists-catalog.tsx:1238:23)
  1455 |                   className="pointer-events-none absolute inset-0 z-0"
  1456 |                   style={{
> 1457 |                     backgroundImage: fullCardSoftOverlayImage,
       |                                      ^
  1458 |                   }}
  1459 |                 />
  1460 |               )} {
  digest: '2547845018'
}
⨯ ReferenceError: fullCardSoftOverlayImage is not defined
    at eval (features\site-builder\blocks\specialists\specialists-catalog.tsx:1457:38)
    at Array.map (<anonymous>)
    at SpecialistsCatalog (features\site-builder\blocks\specialists\specialists-catalog.tsx:1238:23)
  1455 |                   className="pointer-events-none absolute inset-0 z-0"
  1456 |                   style={{
> 1457 |                     backgroundImage: fullCardSoftOverlayImage,
       |                                      ^
  1458 |                   }}
  1459 |                 />
  1460 |               )} {
  digest: '314894005'
}
⚠ Fast Refresh had to perform a full reload due to a runtime error.
⨯ ReferenceError: fullCardSoftOverlayImage is not defined
    at eval (features\site-builder\blocks\specialists\specialists-catalog.tsx:1478:38)
    at Array.map (<anonymous>)
    at SpecialistsCatalog (features\site-builder\blocks\specialists\specialists-catalog.tsx:1238:23)
  1476 |                   className="pointer-events-none absolute inset-0 z-0"
  1477 |                   style={{
> 1478 |                     backgroundImage: fullCardSoftOverlayImage,
       |                                      ^
  1479 |                   }}
  1480 |                 />
  1481 |               )} {
  digest: '3582930432'
}
⨯ ReferenceError: fullCardSoftOverlayImage is not defined
    at eval (features\site-builder\blocks\specialists\specialists-catalog.tsx:1478:38)
    at Array.map (<anonymous>)
    at SpecialistsCatalog (features\site-builder\blocks\specialists\specialists-catalog.tsx:1238:23)
  1476 |                   className="pointer-events-none absolute inset-0 z-0"
  1477 |                   style={{
> 1478 |                     backgroundImage: fullCardSoftOverlayImage,
       |                                      ^
  1479 |                   }}
  1480 |                 />
  1481 |               )} {
  digest: '314894005'
}
⚠ Fast Refresh had to perform a full reload due to a runtime error.
⚠ Fast Refresh had to perform a full reload due to a runtime error.
⚠ Fast Refresh had to perform a full reload due to a runtime error.
⚠ Fast Refresh had to perform a full reload due to a runtime error.
⚠ Fast Refresh had to perform a full reload due to a runtime error.
⨯ ReferenceError: glassPanelHighlightImage is not defined
    at eval (features\site-builder\blocks\services\services-catalog.tsx:1880:46)
    at Array.map (<anonymous>)
    at ServicesCatalog (features\site-builder\blocks\services\services-catalog.tsx:1606:23)
  1878 |                           className="pointer-events-none absolute inset-0 z-[1]"
  1879 |                           style={{
> 1880 |                             backgroundImage: glassPanelHighlightImage,
       |                                              ^
  1881 |                             backdropFilter: "blur(192px) saturate(2.15) contrast(0.82) brightness(1.08)",
  1882 |                             WebkitBackdropFilter: "blur(192px) saturate(2.15) contrast(0.82) brightness(1.08)",
  1883 |                             maskImage: photoPanelGlassMaskImage, {
  digest: '3725750933'
}
⨯ ReferenceError: glassPanelHighlightImage is not defined
    at eval (features\site-builder\blocks\services\services-catalog.tsx:1880:46)
    at Array.map (<anonymous>)
    at ServicesCatalog (features\site-builder\blocks\services\services-catalog.tsx:1606:23)
  1878 |                           className="pointer-events-none absolute inset-0 z-[1]"
  1879 |                           style={{
> 1880 |                             backgroundImage: glassPanelHighlightImage,
       |                                              ^
  1881 |                             backdropFilter: "blur(192px) saturate(2.15) contrast(0.82) brightness(1.08)",
  1882 |                             WebkitBackdropFilter: "blur(192px) saturate(2.15) contrast(0.82) brightness(1.08)",
  1883 |                             maskImage: photoPanelGlassMaskImage, {
  digest: '3105110746'
}
⚠ Fast Refresh had to perform a full reload due to a runtime error.
⚠ Fast Refresh had to perform a full reload due to a runtime error.
⨯ ReferenceError: photoPanelSoftOverlayImage is not defined
    at eval (features\site-builder\blocks\specialists\specialists-catalog.tsx:1434:42)
    at Array.map (<anonymous>)
    at SpecialistsCatalog (features\site-builder\blocks\specialists\specialists-catalog.tsx:1218:23)
  1432 |                       className="pointer-events-none absolute inset-0 z-[1]"
  1433 |                       style={{
> 1434 |                         backgroundImage: photoPanelSoftOverlayImage,
       |                                          ^
  1435 |                       }}
  1436 |                     />
  1437 |                   ) : null} {
  digest: '2653659911'
}
⨯ ReferenceError: photoPanelSoftOverlayImage is not defined
    at eval (features\site-builder\blocks\specialists\specialists-catalog.tsx:1434:42)
    at Array.map (<anonymous>)
    at SpecialistsCatalog (features\site-builder\blocks\specialists\specialists-catalog.tsx:1218:23)
  1432 |                       className="pointer-events-none absolute inset-0 z-[1]"
  1433 |                       style={{
> 1434 |                         backgroundImage: photoPanelSoftOverlayImage,
       |                                          ^
  1435 |                       }}
  1436 |                     />
  1437 |                   ) : null} {
  digest: '1274811240'
}
⨯ ReferenceError: photoPanelSoftOverlayImage is not defined
    at eval (features\site-builder\blocks\specialists\specialists-catalog.tsx:1434:42)
    at Array.map (<anonymous>)
    at SpecialistsCatalog (features\site-builder\blocks\specialists\specialists-catalog.tsx:1218:23)
  1432 |                       className="pointer-events-none absolute inset-0 z-[1]"
  1433 |                       style={{
> 1434 |                         backgroundImage: photoPanelSoftOverlayImage,
       |                                          ^
  1435 |                       }}
  1436 |                     />
  1437 |                   ) : null} {
  digest: '2653659911'
}
⚠ Fast Refresh had to perform a full reload due to a runtime error.
⨯ ReferenceError: photoPanelSoftOverlayImage is not defined
    at eval (features\site-builder\blocks\specialists\specialists-catalog.tsx:1434:42)
    at Array.map (<anonymous>)
    at SpecialistsCatalog (features\site-builder\blocks\specialists\specialists-catalog.tsx:1218:23)
  1432 |                       className="pointer-events-none absolute inset-0 z-[1]"
  1433 |                       style={{
> 1434 |                         backgroundImage: photoPanelSoftOverlayImage,
       |                                          ^
  1435 |                       }}
  1436 |                     />
  1437 |                   ) : null} {
  digest: '1274811240'
}
⚠ Fast Refresh had to perform a full reload due to a runtime error.
⚠ Fast Refresh had to perform a full reload due to a runtime error.
⨯ ReferenceError: photoPanelSoftOverlayImage is not defined
    at eval (features\site-builder\blocks\specialists\specialists-catalog.tsx:1434:42)
    at Array.map (<anonymous>)
    at SpecialistsCatalog (features\site-builder\blocks\specialists\specialists-catalog.tsx:1218:23)
  1432 |                       className="pointer-events-none absolute inset-0 z-[1]"
  1433 |                       style={{
> 1434 |                         backgroundImage: photoPanelSoftOverlayImage,
       |                                          ^
  1435 |                       }}
  1436 |                     />
  1437 |                   ) : null} {
  digest: '2653659911'
}
⨯ ReferenceError: photoPanelSoftOverlayImage is not defined
    at eval (features\site-builder\blocks\specialists\specialists-catalog.tsx:1434:42)
    at Array.map (<anonymous>)
    at SpecialistsCatalog (features\site-builder\blocks\specialists\specialists-catalog.tsx:1218:23)
  1432 |                       className="pointer-events-none absolute inset-0 z-[1]"
  1433 |                       style={{
> 1434 |                         backgroundImage: photoPanelSoftOverlayImage,
       |                                          ^
  1435 |                       }}
  1436 |                     />
  1437 |                   ) : null} {
  digest: '1274811240'
}
⚠ Fast Refresh had to perform a full reload due to a runtime error.
⚠ Fast Refresh had to perform a full reload due to a runtime error.
⚠ Server is approaching the used memory threshold, restarting...
⚠ The "middleware" file convention is deprecated. Please use "proxy" instead. Learn more: https://nextjs.org/docs/messages/middleware-to-proxy
⚠ Fast Refresh had to perform a full reload. Read more: https://nextjs.org/docs/messages/fast-refresh-reload
⨯ ./features/site-builder/blocks/specialists/specialists-catalog.tsx
Error:   x Unexpected token. Did you mean `{'}'}` or `&rbrace;`?
      ,-[C:\Users\Nadin\BeautyPlatform\apps\web\features\site-builder\blocks\specialists\specialists-catalog.tsx:1456:1]
 1453 |                     />
 1454 |                   ) : null}
 1455 |                 </a>
 1456 |               )}
      :                ^
 1457 |               <div
 1458 |                 className={`${isImageInsetCard && !isListCard ? "absolute bottom-0 z-[1] justify-end" : ""} ${showImage && !isListCard && !isFilledCard ? "mt-5" : ""} ${
 1459 |                   !isListCard && alignButtonsBottom && !isImageInsetCard ? "flex flex-1 flex-col" : ""
      `----
  x Expected '</', got 'jsx text (
  |               )}
  |               )'
      ,-[C:\Users\Nadin\BeautyPlatform\apps\web\features\site-builder\blocks\specialists\specialists-catalog.tsx:1455:1]
 1452 |                           }}
 1453 |                         />
 1454 |                       ) : null}
 1455 | ,->                 </a>
 1456 | |                 )}
 1457 | `->               <div
 1458 |                     className={`${isImageInsetCard && !isListCard ? "absolute bottom-0 z-[1] justify-end" : ""} ${showImage && !isListCard && !isFilledCard ? "mt-5" : ""} ${
 1459 |                       !isListCard && alignButtonsBottom && !isImageInsetCard ? "flex flex-1 flex-col" : ""
 1459 |                     } ${
      `----

Caused by:
    Syntax Error

Import trace for requested module:
./features/site-builder/blocks/specialists/specialists-catalog.tsx
./features/site-builder/crm/site-renderer.tsx
./features/site-builder/crm/site-client-shell.tsx
./app/(crm)/crm/site/site-client.tsx
⨯ ./features/site-builder/blocks/specialists/SP001/content-panel.tsx
Error: ENOENT: no such file or directory, open 'C:\Users\Nadin\BeautyPlatform\apps\web\features\site-builder\blocks\specialists\SP001\content-panel.tsx'

Import trace for requested module:
./features/site-builder/blocks/specialists/SP001/content-panel.tsx
./features/site-builder/blocks/specialists/SP001/version.tsx
./features/site-builder/blocks/runtime/resolve-block-version.tsx
./features/site-builder/crm/site-client-shell.tsx
./app/(crm)/crm/site/site-client.tsx
⨯ ./features/site-builder/blocks/specialists/SP001/content-panel.tsx
Error: ENOENT: no such file or directory, open 'C:\Users\Nadin\BeautyPlatform\apps\web\features\site-builder\blocks\specialists\SP001\content-panel.tsx'

Import trace for requested module:
./features/site-builder/blocks/specialists/SP001/content-panel.tsx
./features/site-builder/blocks/specialists/SP001/version.tsx
./features/site-builder/blocks/runtime/resolve-block-version.tsx
./features/site-builder/crm/site-client-shell.tsx
./app/(crm)/crm/site/site-client.tsx
⚠ ../../node_modules/libheif-js/libheif-wasm/libheif-bundle.js
Critical dependency: require function is used in a way in which dependencies cannot be statically extracted

Import trace for requested module:
../../node_modules/libheif-js/libheif-wasm/libheif-bundle.js
../../node_modules/libheif-js/wasm-bundle.js
../../node_modules/heic-decode/index.js
../../node_modules/heic-convert/index.js
./app/api/v1/crm/specialists/[id]/media/route.ts
⚠ ../../node_modules/libheif-js/libheif-wasm/libheif-bundle.js
Critical dependency: require function is used in a way in which dependencies cannot be statically extracted

Import trace for requested module:
../../node_modules/libheif-js/libheif-wasm/libheif-bundle.js
../../node_modules/libheif-js/wasm-bundle.js
../../node_modules/heic-decode/index.js
../../node_modules/heic-convert/index.js
./app/api/v1/crm/specialists/[id]/media/route.ts
⚠ ../../node_modules/libheif-js/libheif-wasm/libheif-bundle.js
Critical dependency: require function is used in a way in which dependencies cannot be statically extracted

Import trace for requested module:
../../node_modules/libheif-js/libheif-wasm/libheif-bundle.js
../../node_modules/libheif-js/wasm-bundle.js
../../node_modules/heic-decode/index.js
../../node_modules/heic-convert/index.js
./app/api/v1/crm/specialists/[id]/media/route.ts
⚠ ../../node_modules/libheif-js/libheif-wasm/libheif-bundle.js
Critical dependency: require function is used in a way in which dependencies cannot be statically extracted

Import trace for requested module:
../../node_modules/libheif-js/libheif-wasm/libheif-bundle.js
../../node_modules/libheif-js/wasm-bundle.js
../../node_modules/heic-decode/index.js
../../node_modules/heic-convert/index.js
./app/api/v1/crm/specialists/[id]/media/route.ts
⚠ ../../node_modules/libheif-js/libheif-wasm/libheif-bundle.js
Critical dependency: require function is used in a way in which dependencies cannot be statically extracted

Import trace for requested module:
../../node_modules/libheif-js/libheif-wasm/libheif-bundle.js
../../node_modules/libheif-js/wasm-bundle.js
../../node_modules/heic-decode/index.js
../../node_modules/heic-convert/index.js
./app/api/v1/crm/specialists/[id]/media/route.ts
⚠ ../../node_modules/libheif-js/libheif-wasm/libheif-bundle.js
Critical dependency: require function is used in a way in which dependencies cannot be statically extracted

Import trace for requested module:
../../node_modules/libheif-js/libheif-wasm/libheif-bundle.js
../../node_modules/libheif-js/wasm-bundle.js
../../node_modules/heic-decode/index.js
../../node_modules/heic-convert/index.js
./app/api/v1/crm/specialists/[id]/media/route.ts
⚠ ../../node_modules/libheif-js/libheif-wasm/libheif-bundle.js
Critical dependency: require function is used in a way in which dependencies cannot be statically extracted

Import trace for requested module:
../../node_modules/libheif-js/libheif-wasm/libheif-bundle.js
../../node_modules/libheif-js/wasm-bundle.js
../../node_modules/heic-decode/index.js
../../node_modules/heic-convert/index.js
./app/api/v1/crm/specialists/[id]/media/route.ts
⚠ ../../node_modules/libheif-js/libheif-wasm/libheif-bundle.js
Critical dependency: require function is used in a way in which dependencies cannot be statically extracted

Import trace for requested module:
../../node_modules/libheif-js/libheif-wasm/libheif-bundle.js
../../node_modules/libheif-js/wasm-bundle.js
../../node_modules/heic-decode/index.js
../../node_modules/heic-convert/index.js
./app/api/v1/crm/specialists/[id]/media/route.ts
⚠ ../../node_modules/libheif-js/libheif-wasm/libheif-bundle.js
Critical dependency: require function is used in a way in which dependencies cannot be statically extracted

Import trace for requested module:
../../node_modules/libheif-js/libheif-wasm/libheif-bundle.js
../../node_modules/libheif-js/wasm-bundle.js
../../node_modules/heic-decode/index.js
../../node_modules/heic-convert/index.js
./app/api/v1/crm/specialists/[id]/media/route.ts
⚠ ../../node_modules/libheif-js/libheif-wasm/libheif-bundle.js
Critical dependency: require function is used in a way in which dependencies cannot be statically extracted

Import trace for requested module:
../../node_modules/libheif-js/libheif-wasm/libheif-bundle.js
../../node_modules/libheif-js/wasm-bundle.js
../../node_modules/heic-decode/index.js
../../node_modules/heic-convert/index.js
./app/api/v1/crm/specialists/[id]/media/route.ts
⚠ ../../node_modules/libheif-js/libheif-wasm/libheif-bundle.js
Critical dependency: require function is used in a way in which dependencies cannot be statically extracted

Import trace for requested module:
../../node_modules/libheif-js/libheif-wasm/libheif-bundle.js
../../node_modules/libheif-js/wasm-bundle.js
../../node_modules/heic-decode/index.js
../../node_modules/heic-convert/index.js
./app/api/v1/crm/specialists/[id]/media/route.ts
⚠ ../../node_modules/libheif-js/libheif-wasm/libheif-bundle.js
Critical dependency: require function is used in a way in which dependencies cannot be statically extracted

Import trace for requested module:
../../node_modules/libheif-js/libheif-wasm/libheif-bundle.js
../../node_modules/libheif-js/wasm-bundle.js
../../node_modules/heic-decode/index.js
../../node_modules/heic-convert/index.js
./app/api/v1/crm/specialists/[id]/media/route.ts
⚠ ../../node_modules/libheif-js/libheif-wasm/libheif-bundle.js
Critical dependency: require function is used in a way in which dependencies cannot be statically extracted

Import trace for requested module:
../../node_modules/libheif-js/libheif-wasm/libheif-bundle.js
../../node_modules/libheif-js/wasm-bundle.js
../../node_modules/heic-decode/index.js
../../node_modules/heic-convert/index.js
./app/api/v1/crm/specialists/[id]/media/route.ts
⚠ ../../node_modules/libheif-js/libheif-wasm/libheif-bundle.js
Critical dependency: require function is used in a way in which dependencies cannot be statically extracted

Import trace for requested module:
../../node_modules/libheif-js/libheif-wasm/libheif-bundle.js
../../node_modules/libheif-js/wasm-bundle.js
../../node_modules/heic-decode/index.js
../../node_modules/heic-convert/index.js
./app/api/v1/crm/specialists/[id]/media/route.ts
⚠ ../../node_modules/libheif-js/libheif-wasm/libheif-bundle.js
Critical dependency: require function is used in a way in which dependencies cannot be statically extracted

Import trace for requested module:
../../node_modules/libheif-js/libheif-wasm/libheif-bundle.js
../../node_modules/libheif-js/wasm-bundle.js
../../node_modules/heic-decode/index.js
../../node_modules/heic-convert/index.js
./app/api/v1/crm/specialists/[id]/media/route.ts
⚠ ../../node_modules/libheif-js/libheif-wasm/libheif-bundle.js
Critical dependency: require function is used in a way in which dependencies cannot be statically extracted

Import trace for requested module:
../../node_modules/libheif-js/libheif-wasm/libheif-bundle.js
../../node_modules/libheif-js/wasm-bundle.js
../../node_modules/heic-decode/index.js
../../node_modules/heic-convert/index.js
./app/api/v1/crm/specialists/[id]/media/route.ts
⚠ ../../node_modules/libheif-js/libheif-wasm/libheif-bundle.js
Critical dependency: require function is used in a way in which dependencies cannot be statically extracted

Import trace for requested module:
../../node_modules/libheif-js/libheif-wasm/libheif-bundle.js
../../node_modules/libheif-js/wasm-bundle.js
../../node_modules/heic-decode/index.js
../../node_modules/heic-convert/index.js
./app/api/v1/crm/specialists/[id]/media/route.ts
⚠ ../../node_modules/libheif-js/libheif-wasm/libheif-bundle.js
Critical dependency: require function is used in a way in which dependencies cannot be statically extracted

Import trace for requested module:
../../node_modules/libheif-js/libheif-wasm/libheif-bundle.js
../../node_modules/libheif-js/wasm-bundle.js
../../node_modules/heic-decode/index.js
../../node_modules/heic-convert/index.js
./app/api/v1/crm/specialists/[id]/media/route.ts
⚠ ../../node_modules/libheif-js/libheif-wasm/libheif-bundle.js
Critical dependency: require function is used in a way in which dependencies cannot be statically extracted

Import trace for requested module:
../../node_modules/libheif-js/libheif-wasm/libheif-bundle.js
../../node_modules/libheif-js/wasm-bundle.js
../../node_modules/heic-decode/index.js
../../node_modules/heic-convert/index.js
./app/api/v1/crm/account/media/route.ts
⨯ ./features/site-builder/blocks/services/SE001/content-panel.tsx
Error: 

Caused by:
    0: Failed to read source code from C:\Users\Nadin\BeautyPlatform\apps\web\features\site-builder\blocks\services\SE001\content-panel.tsx
    1: stream did not contain valid UTF-8

Import trace for requested module:
./features/site-builder/blocks/services/SE001/content-panel.tsx
./features/site-builder/blocks/services/SE001/version.tsx
./features/site-builder/blocks/runtime/resolve-block-version.tsx
./features/site-builder/crm/site-client-shell.tsx
./app/(crm)/crm/site/site-client.tsx
⨯ ./features/site-builder/blocks/services/SE001/content-panel.tsx
Error: 

Caused by:
    0: Failed to read source code from C:\Users\Nadin\BeautyPlatform\apps\web\features\site-builder\blocks\services\SE001\content-panel.tsx
    1: stream did not contain valid UTF-8

Import trace for requested module:
./features/site-builder/blocks/services/SE001/content-panel.tsx
./features/site-builder/blocks/services/SE001/version.tsx
./features/site-builder/blocks/runtime/resolve-block-version.tsx
./features/site-builder/crm/site-client-shell.tsx
./app/(crm)/crm/site/site-client.tsx
⚠ Fast Refresh had to perform a full reload. Read more: https://nextjs.org/docs/messages/fast-refresh-reload
⚠ Fast Refresh had to perform a full reload. Read more: https://nextjs.org/docs/messages/fast-refresh-reload
⚠ Fast Refresh had to perform a full reload. Read more: https://nextjs.org/docs/messages/fast-refresh-reload
⚠ Fast Refresh had to perform a full reload. Read more: https://nextjs.org/docs/messages/fast-refresh-reload
⚠ Fast Refresh had to perform a full reload. Read more: https://nextjs.org/docs/messages/fast-refresh-reload
⨯ SyntaxError: Unexpected end of JSON input
    at JSON.parse (<anonymous>) {
  page: '/crm/site'
}
⨯ ./features/site-builder/blocks/runtime/resolve-block-version.tsx:13:1
Module not found: Can't resolve '../locations/LC001/version'
  11 | import { LO002 } from "../loader/LO002/version";
  12 | import { LO003 } from "../loader/LO003/version";
> 13 | import { LC001 } from "../locations/LC001/version";
     | ^
  14 | import { SE001 } from "../services/SE001/version";
  15 | import { SP001 } from "../specialists/SP001/version";
  16 | import { BO001 } from "../booking/BO001/version";

https://nextjs.org/docs/messages/module-not-found

Import trace for requested module:
./features/site-builder/crm/site-client-shell.tsx
./app/(crm)/crm/site/site-client.tsx
⨯ ./features/site-builder/blocks/runtime/resolve-block-version.tsx:13:1
Module not found: Can't resolve '../locations/LC001/version'
  11 | import { LO002 } from "../loader/LO002/version";
  12 | import { LO003 } from "../loader/LO003/version";
> 13 | import { LC001 } from "../locations/LC001/version";
     | ^
  14 | import { SE001 } from "../services/SE001/version";
  15 | import { SP001 } from "../specialists/SP001/version";
  16 | import { BO001 } from "../booking/BO001/version";

https://nextjs.org/docs/messages/module-not-found

Import trace for requested module:
./features/site-builder/crm/site-client-shell.tsx
./app/(crm)/crm/site/site-client.tsx
⨯ ./features/site-builder/blocks/runtime/resolve-block-version.tsx:13:1
Module not found: Can't resolve '../locations/LC001/version'
  11 | import { LO002 } from "../loader/LO002/version";
  12 | import { LO003 } from "../loader/LO003/version";
> 13 | import { LC001 } from "../locations/LC001/version";
     | ^
  14 | import { SE001 } from "../services/SE001/version";
  15 | import { SP001 } from "../specialists/SP001/version";
  16 | import { BO001 } from "../booking/BO001/version";

https://nextjs.org/docs/messages/module-not-found

Import trace for requested module:
./features/site-builder/crm/site-client-shell.tsx
./app/(crm)/crm/site/site-client.tsx
⨯ ./features/site-builder/blocks/runtime/resolve-block-version.tsx:13:1
Module not found: Can't resolve '../locations/LC001/version'
  11 | import { LO002 } from "../loader/LO002/version";
  12 | import { LO003 } from "../loader/LO003/version";
> 13 | import { LC001 } from "../locations/LC001/version";
     | ^
  14 | import { SE001 } from "../services/SE001/version";
  15 | import { SP001 } from "../specialists/SP001/version";
  16 | import { BO001 } from "../booking/BO001/version";

https://nextjs.org/docs/messages/module-not-found

Import trace for requested module:
./features/site-builder/crm/site-client-shell.tsx
./app/(crm)/crm/site/site-client.tsx
⨯ ./features/site-builder/blocks/runtime/resolve-block-version.tsx:13:1
Module not found: Can't resolve '../locations/LC001/version'
  11 | import { LO002 } from "../loader/LO002/version";
  12 | import { LO003 } from "../loader/LO003/version";
> 13 | import { LC001 } from "../locations/LC001/version";
     | ^
  14 | import { SE001 } from "../services/SE001/version";
  15 | import { SP001 } from "../specialists/SP001/version";
  16 | import { BO001 } from "../booking/BO001/version";

https://nextjs.org/docs/messages/module-not-found

Import trace for requested module:
./features/site-builder/crm/site-client-shell.tsx
./app/(crm)/crm/site/site-client.tsx
⨯ ./features/site-builder/blocks/runtime/resolve-block-version.tsx:13:1
Module not found: Can't resolve '../locations/LC001/version'
  11 | import { LO002 } from "../loader/LO002/version";
  12 | import { LO003 } from "../loader/LO003/version";
> 13 | import { LC001 } from "../locations/LC001/version";
     | ^
  14 | import { SE001 } from "../services/SE001/version";
  15 | import { SP001 } from "../specialists/SP001/version";
  16 | import { BO001 } from "../booking/BO001/version";

https://nextjs.org/docs/messages/module-not-found

Import trace for requested module:
./features/site-builder/crm/site-client-shell.tsx
./app/(crm)/crm/site/site-client.tsx
⨯ ./features/site-builder/blocks/runtime/resolve-block-version.tsx:13:1
Module not found: Can't resolve '../locations/LC001/version'
  11 | import { LO002 } from "../loader/LO002/version";
  12 | import { LO003 } from "../loader/LO003/version";
> 13 | import { LC001 } from "../locations/LC001/version";
     | ^
  14 | import { SE001 } from "../services/SE001/version";
  15 | import { SP001 } from "../specialists/SP001/version";
  16 | import { BO001 } from "../booking/BO001/version";

https://nextjs.org/docs/messages/module-not-found

Import trace for requested module:
./features/site-builder/crm/site-client-shell.tsx
./app/(crm)/crm/site/site-client.tsx
⨯ ./features/site-builder/blocks/runtime/resolve-block-version.tsx:13:1
Module not found: Can't resolve '../locations/LC001/version'
  11 | import { LO002 } from "../loader/LO002/version";
  12 | import { LO003 } from "../loader/LO003/version";
> 13 | import { LC001 } from "../locations/LC001/version";
     | ^
  14 | import { SE001 } from "../services/SE001/version";
  15 | import { SP001 } from "../specialists/SP001/version";
  16 | import { BO001 } from "../booking/BO001/version";

https://nextjs.org/docs/messages/module-not-found

Import trace for requested module:
./features/site-builder/crm/site-client-shell.tsx
./app/(crm)/crm/site/site-client.tsx
⨯ ./features/site-builder/blocks/runtime/resolve-block-version.tsx:13:1
Module not found: Can't resolve '../locations/LC001/version'
  11 | import { LO002 } from "../loader/LO002/version";
  12 | import { LO003 } from "../loader/LO003/version";
> 13 | import { LC001 } from "../locations/LC001/version";
     | ^
  14 | import { SE001 } from "../services/SE001/version";
  15 | import { SP001 } from "../specialists/SP001/version";
  16 | import { BO001 } from "../booking/BO001/version";

https://nextjs.org/docs/messages/module-not-found

Import trace for requested module:
./features/site-builder/crm/site-client-shell.tsx
./app/(crm)/crm/site/site-client.tsx
⨯ ./features/site-builder/blocks/runtime/resolve-block-version.tsx:13:1
Module not found: Can't resolve '../locations/LC001/version'
  11 | import { LO002 } from "../loader/LO002/version";
  12 | import { LO003 } from "../loader/LO003/version";
> 13 | import { LC001 } from "../locations/LC001/version";
     | ^
  14 | import { SE001 } from "../services/SE001/version";
  15 | import { SP001 } from "../specialists/SP001/version";
  16 | import { BO001 } from "../booking/BO001/version";

https://nextjs.org/docs/messages/module-not-found

Import trace for requested module:
./features/site-builder/crm/site-client-shell.tsx
./app/(crm)/crm/site/site-client.tsx
⨯ ./features/site-builder/blocks/runtime/resolve-block-version.tsx:13:1
Module not found: Can't resolve '../locations/LC001/version'
  11 | import { LO002 } from "../loader/LO002/version";
  12 | import { LO003 } from "../loader/LO003/version";
> 13 | import { LC001 } from "../locations/LC001/version";
     | ^
  14 | import { SE001 } from "../services/SE001/version";
  15 | import { SP001 } from "../specialists/SP001/version";
  16 | import { BO001 } from "../booking/BO001/version";

https://nextjs.org/docs/messages/module-not-found

Import trace for requested module:
./features/site-builder/crm/site-client-shell.tsx
./app/(crm)/crm/site/site-client.tsx
⨯ ./features/site-builder/blocks/runtime/resolve-block-version.tsx:13:1
Module not found: Can't resolve '../locations/LC001/version'
  11 | import { LO002 } from "../loader/LO002/version";
  12 | import { LO003 } from "../loader/LO003/version";
> 13 | import { LC001 } from "../locations/LC001/version";
     | ^
  14 | import { SE001 } from "../services/SE001/version";
  15 | import { SP001 } from "../specialists/SP001/version";
  16 | import { BO001 } from "../booking/BO001/version";

https://nextjs.org/docs/messages/module-not-found

Import trace for requested module:
./features/site-builder/crm/site-client-shell.tsx
./app/(crm)/crm/site/site-client.tsx
⨯ ./features/site-builder/blocks/runtime/resolve-block-version.tsx:13:1
Module not found: Can't resolve '../locations/LC001/version'
  11 | import { LO002 } from "../loader/LO002/version";
  12 | import { LO003 } from "../loader/LO003/version";
> 13 | import { LC001 } from "../locations/LC001/version";
     | ^
  14 | import { SE001 } from "../services/SE001/version";
  15 | import { SP001 } from "../specialists/SP001/version";
  16 | import { BO001 } from "../booking/BO001/version";

https://nextjs.org/docs/messages/module-not-found

Import trace for requested module:
./features/site-builder/crm/site-client-shell.tsx
./app/(crm)/crm/site/site-client.tsx
⨯ ./features/site-builder/blocks/runtime/resolve-block-version.tsx:13:1
Module not found: Can't resolve '../locations/LC001/version'
  11 | import { LO002 } from "../loader/LO002/version";
  12 | import { LO003 } from "../loader/LO003/version";
> 13 | import { LC001 } from "../locations/LC001/version";
     | ^
  14 | import { SE001 } from "../services/SE001/version";
  15 | import { SP001 } from "../specialists/SP001/version";
  16 | import { BO001 } from "../booking/BO001/version";

https://nextjs.org/docs/messages/module-not-found

Import trace for requested module:
./features/site-builder/crm/site-client-shell.tsx
./app/(crm)/crm/site/site-client.tsx
⨯ ./features/site-builder/blocks/locations/LC001/version.tsx:11:1
Module not found: Can't resolve './content-panel'
   9 | } from "@/features/site-builder/crm/site-client-core";
  10 | import { SiteServicesSettingsPrimary } from "@/features/site-builder/crm/site-services-settings-primary";
> 11 | import { LC001ContentPanel } from "./content-panel";
     | ^
  12 | import { LC001Drawers } from "./drawers";
  13 |
  14 | function defaultSurface(value: unknown, fallback: string) {

https://nextjs.org/docs/messages/module-not-found

Import trace for requested module:
./features/site-builder/blocks/runtime/resolve-block-version.tsx
./features/site-builder/crm/site-client-shell.tsx
./app/(crm)/crm/site/site-client.tsx
⚠ Fast Refresh had to perform a full reload. Read more: https://nextjs.org/docs/messages/fast-refresh-reload
⚠ Fast Refresh had to perform a full reload. Read more: https://nextjs.org/docs/messages/fast-refresh-reload
⚠ Fast Refresh had to perform a full reload. Read more: https://nextjs.org/docs/messages/fast-refresh-reload
⨯ SyntaxError: Unexpected end of JSON input
    at JSON.parse (<anonymous>) {
  page: '/crm/site'
}
⚠ Fast Refresh had to perform a full reload due to a runtime error.
                                                                      ⨯ ./features/site-builder/blocks/booking/BO001/settings-panel.tsx
Error: ENOENT: no such file or directory, open 'C:\Users\Nadin\BeautyPlatform\apps\web\features\site-builder\blocks\booking\BO001\settings-panel.tsx'

Import trace for requested module:
./features/site-builder/blocks/booking/BO001/settings-panel.tsx
./features/site-builder/blocks/booking/BO001/version.tsx
./features/site-builder/blocks/runtime/resolve-block-version.tsx
./features/site-builder/crm/site-client-shell.tsx
./app/(crm)/crm/site/site-client.tsx
⨯ ./features/site-builder/blocks/booking/BO001/settings-panel.tsx
Error: ENOENT: no such file or directory, open 'C:\Users\Nadin\BeautyPlatform\apps\web\features\site-builder\blocks\booking\BO001\settings-panel.tsx'

Import trace for requested module:
./features/site-builder/blocks/booking/BO001/settings-panel.tsx
./features/site-builder/blocks/booking/BO001/version.tsx
./features/site-builder/blocks/runtime/resolve-block-version.tsx
./features/site-builder/crm/site-client-shell.tsx
./app/(crm)/crm/site/site-client.tsx
⨯ ./features/site-builder/blocks/booking/BO001/settings-drawer.tsx
Error: ENOENT: no such file or directory, open 'C:\Users\Nadin\BeautyPlatform\apps\web\features\site-builder\blocks\booking\BO001\settings-drawer.tsx'

Import trace for requested module:
./features/site-builder/blocks/booking/BO001/settings-drawer.tsx
./features/site-builder/blocks/booking/BO001/drawers.tsx
./features/site-builder/blocks/booking/BO001/version.tsx
./features/site-builder/blocks/runtime/resolve-block-version.tsx
./features/site-builder/crm/site-client-shell.tsx
./app/(crm)/crm/site/site-client.tsx
⨯ ./features/site-builder/blocks/booking/BO001/settings-drawer.tsx
Error: ENOENT: no such file or directory, open 'C:\Users\Nadin\BeautyPlatform\apps\web\features\site-builder\blocks\booking\BO001\settings-drawer.tsx'

Import trace for requested module:
./features/site-builder/blocks/booking/BO001/settings-drawer.tsx
./features/site-builder/blocks/booking/BO001/drawers.tsx
./features/site-builder/blocks/booking/BO001/version.tsx
./features/site-builder/blocks/runtime/resolve-block-version.tsx
./features/site-builder/crm/site-client-shell.tsx
./app/(crm)/crm/site/site-client.tsx
⨯ ./features/site-builder/blocks/booking/BO001/settings-drawer.tsx
Error: ENOENT: no such file or directory, open 'C:\Users\Nadin\BeautyPlatform\apps\web\features\site-builder\blocks\booking\BO001\settings-drawer.tsx'

Import trace for requested module:
./features/site-builder/blocks/booking/BO001/settings-drawer.tsx
./features/site-builder/blocks/booking/BO001/drawers.tsx
./features/site-builder/blocks/booking/BO001/version.tsx
./features/site-builder/blocks/runtime/resolve-block-version.tsx
./features/site-builder/crm/site-client-shell.tsx
./app/(crm)/crm/site/site-client.tsx
⨯ ./features/site-builder/blocks/booking/BO001/settings-drawer.tsx
Error: ENOENT: no such file or directory, open 'C:\Users\Nadin\BeautyPlatform\apps\web\features\site-builder\blocks\booking\BO001\settings-drawer.tsx'

Import trace for requested module:
./features/site-builder/blocks/booking/BO001/settings-drawer.tsx
./features/site-builder/blocks/booking/BO001/drawers.tsx
./features/site-builder/blocks/booking/BO001/version.tsx
./features/site-builder/blocks/runtime/resolve-block-version.tsx
./features/site-builder/crm/site-client-shell.tsx
./app/(crm)/crm/site/site-client.tsx
⚠ Server is approaching the used memory threshold, restarting...
⚠ The "middleware" file convention is deprecated. Please use "proxy" instead. Learn more: https://nextjs.org/docs/messages/middleware-to-proxy
⚠ Fast Refresh had to perform a full reload due to a runtime error.
⨯ ReferenceError: subBlockLight is not defined
    at normalizeBlockStyle (features\site-builder\crm\site-renderer.tsx:837:117)
    at getSlotSpacing (features\site-builder\crm\site-client-shell.tsx:320:52)
    at SiteClient (features\site-builder\crm\site-client-shell.tsx:889:24)
  835 |     secondaryButtonBorderPair.darkResolved
  836 |   );
> 837 |   const bookingScenarioBgPair = resolvePair("bookingScenarioBgLight", "bookingScenarioBgDark", "bookingScenarioBg", subBlockLight, subBlockDark);
      |                                                                                                                     ^
  838 |   const bookingScenarioTextPair = resolvePair("bookingScenarioTextColorLight", "bookingScenarioTextColorDark", "bookingScenarioTextColor", mutedPair.lightResolved, mutedPair.darkResolved);
  839 |   const bookingScenarioBorderPair = resolvePair("bookingScenarioBorderColorLight", "bookingScenarioBorderColorDark", "bookingScenarioBorderColor", "transparent", "transparent");
  840 |   const bookingScenarioActiveBgPair = resolvePair("bookingScenarioActiveBgLight", "bookingScenarioActiveBgDark", "bookingScenarioActiveBg", buttonPairResolved.lightResolved, buttonPairResolved.darkResolved); {
  digest: '535531141'
}
⚠ Fast Refresh had to perform a full reload due to a runtime error.
⨯ ReferenceError: sectionBackgroundValue is not defined
    at normalizeBlockStyle (features\site-builder\crm\site-renderer.tsx:605:5)
    at getSlotSpacing (features\site-builder\crm\site-client-shell.tsx:320:52)
    at SiteClient (features\site-builder\crm\site-client-shell.tsx:889:24)
  603 |   const gradientTo = theme.mode === "dark" ? gradientToDarkResolved : gradientToLightResolved;
  604 |   const servicesSectionBackgroundModeLight =
> 605 |     sectionBackgroundValue(block.type, style, "ModeLight") === "linear" ||
      |     ^
  606 |     sectionBackgroundValue(block.type, style, "ModeLight") === "radial"
  607 |       ? (sectionBackgroundValue(block.type, style, "ModeLight") as "linear" | "radial")
  608 |       : "solid"; {
  digest: '2690485818'
}
