
> web@0.1.0 dev
> next dev --webpack --port 3000

▲ Next.js 16.1.3 (webpack)
- Local:         http://localhost:3000
- Network:       http://172.20.48.1:3000
- Environments: .env.local

✓ Starting...
✓ Ready in 2.7s
○ Compiling middleware ...
 GET /severnaya-orhideya_2 200 in 17.0s (compile: 15.6s, render: 1430ms)
○ Compiling /crm/site ...
 GET /crm/site 200 in 18.3s (compile: 17.1s, proxy.ts: 640ms, render: 552ms)
 GET /severnaya-orhideya_2 200 in 527ms (compile: 110ms, render: 416ms)
 GET /severnaya-orhideya_2 200 in 708ms (compile: 30ms, render: 678ms)
 GET /severnaya-orhideya_2 200 in 443ms (compile: 16ms, render: 427ms)
 GET /severnaya-orhideya_2 200 in 398ms (compile: 15ms, render: 384ms)
 GET /crm/site 200 in 683ms (compile: 385ms, proxy.ts: 37ms, render: 261ms)
 GET /severnaya-orhideya_2 200 in 693ms (compile: 187ms, render: 506ms)
 GET /severnaya-orhideya_2 200 in 398ms (compile: 37ms, render: 361ms)
 GET /crm/site 200 in 406ms (compile: 187ms, proxy.ts: 25ms, render: 194ms)
 GET /severnaya-orhideya_2 200 in 804ms (compile: 23ms, render: 780ms)
 GET /crm/site 200 in 1577ms (compile: 20ms, proxy.ts: 36ms, render: 1520ms)
 GET /severnaya-orhideya_2 200 in 1506ms (compile: 679ms, render: 827ms)
 GET /severnaya-orhideya_2 200 in 465ms (compile: 33ms, render: 432ms)
 GET /crm/site 200 in 642ms (compile: 155ms, proxy.ts: 63ms, render: 423ms)
 GET /severnaya-orhideya_2 200 in 659ms (compile: 80ms, render: 579ms)
 GET /crm/site 200 in 720ms (compile: 429ms, proxy.ts: 24ms, render: 266ms)
 GET /severnaya-orhideya_2 200 in 729ms (compile: 195ms, render: 534ms)
 GET /crm/site 200 in 747ms (compile: 367ms, proxy.ts: 21ms, render: 359ms)
 GET /severnaya-orhideya_2 200 in 770ms (compile: 169ms, render: 601ms)
 GET /crm/site 200 in 680ms (compile: 355ms, proxy.ts: 27ms, render: 298ms)
 GET /severnaya-orhideya_2 200 in 690ms (compile: 157ms, render: 534ms)
 GET /crm/site 200 in 576ms (compile: 278ms, proxy.ts: 13ms, render: 285ms)
 GET /severnaya-orhideya_2 200 in 603ms (compile: 96ms, render: 507ms)
 GET /crm/site 200 in 882ms (compile: 429ms, proxy.ts: 42ms, render: 412ms)
 GET /severnaya-orhideya_2 200 in 900ms (compile: 220ms, render: 680ms)
 GET /severnaya-orhideya_2 200 in 1506ms (compile: 19ms, render: 1487ms)
 GET /severnaya-orhideya_2 200 in 397ms (compile: 17ms, render: 381ms)
 GET /crm/site 200 in 711ms (compile: 8ms, proxy.ts: 17ms, render: 686ms)
 GET /severnaya-orhideya_2 200 in 382ms (compile: 15ms, render: 367ms)
 GET /severnaya-orhideya_2 200 in 317ms (compile: 17ms, render: 300ms)
 GET /severnaya-orhideya_2 200 in 404ms (compile: 18ms, render: 385ms)
 GET /severnaya-orhideya_2 200 in 306ms (compile: 15ms, render: 292ms)
 GET /severnaya-orhideya_2 200 in 327ms (compile: 12ms, render: 315ms)
 GET /severnaya-orhideya_2 200 in 324ms (compile: 20ms, render: 304ms)
 GET /severnaya-orhideya_2 200 in 481ms (compile: 18ms, render: 463ms)
 GET /severnaya-orhideya_2 200 in 615ms (compile: 13ms, render: 602ms)
 GET /severnaya-orhideya_2 200 in 474ms (compile: 19ms, render: 455ms)
 GET /severnaya-orhideya_2 200 in 359ms (compile: 20ms, render: 338ms)
 GET /severnaya-orhideya_2 200 in 339ms (compile: 19ms, render: 320ms)
 GET /severnaya-orhideya_2 200 in 386ms (compile: 12ms, render: 374ms)
 GET /crm/site 200 in 718ms (compile: 383ms, proxy.ts: 33ms, render: 302ms)
 GET /severnaya-orhideya_2 200 in 725ms (compile: 182ms, render: 544ms)
 GET /severnaya-orhideya_2 200 in 593ms (compile: 16ms, render: 578ms)
 GET /crm/site 200 in 1300ms (compile: 198ms, proxy.ts: 146ms, render: 956ms)
 GET /severnaya-orhideya_2 200 in 1443ms (compile: 39ms, render: 1404ms)
 GET /severnaya-orhideya_2 200 in 461ms (compile: 18ms, render: 444ms)
 GET /severnaya-orhideya_2 200 in 317ms (compile: 17ms, render: 300ms)
 GET /crm/site 200 in 906ms (compile: 483ms, proxy.ts: 35ms, render: 387ms)
 GET /severnaya-orhideya_2 200 in 915ms (compile: 273ms, render: 642ms)
 GET /crm/site 200 in 764ms (compile: 342ms, proxy.ts: 28ms, render: 393ms)
 GET /severnaya-orhideya_2 200 in 777ms (compile: 151ms, render: 627ms)
 GET /severnaya-orhideya_2 200 in 425ms (compile: 15ms, render: 410ms)
 GET /severnaya-orhideya_2 200 in 336ms (compile: 12ms, render: 324ms)
 GET /crm/site 200 in 827ms (compile: 131ms, proxy.ts: 80ms, render: 617ms)
 GET /severnaya-orhideya_2 200 in 958ms (compile: 27ms, render: 932ms)
 GET /severnaya-orhideya_2 200 in 387ms (compile: 13ms, render: 374ms)
 GET /severnaya-orhideya_2 200 in 441ms (compile: 20ms, render: 420ms)
 GET /severnaya-orhideya_2 200 in 429ms (compile: 16ms, render: 413ms)
 GET /severnaya-orhideya_2 200 in 329ms (compile: 15ms, render: 314ms)
 GET /severnaya-orhideya_2 200 in 327ms (compile: 18ms, render: 309ms)
 GET /crm/site 200 in 687ms (compile: 373ms, proxy.ts: 34ms, render: 280ms)
 GET /severnaya-orhideya_2 200 in 694ms (compile: 182ms, render: 512ms)
 GET /crm/site 200 in 672ms (compile: 363ms, proxy.ts: 10ms, render: 299ms)
 GET /severnaya-orhideya_2 200 in 682ms (compile: 151ms, render: 531ms)
 GET /crm/site 200 in 556ms (compile: 281ms, proxy.ts: 11ms, render: 263ms)
 GET /severnaya-orhideya_2 200 in 564ms (compile: 97ms, render: 466ms)
 GET /severnaya-orhideya_2 200 in 407ms (compile: 14ms, render: 393ms)
 GET /severnaya-orhideya_2 200 in 424ms (compile: 12ms, render: 412ms)
 GET /crm/site 200 in 1064ms (compile: 144ms, proxy.ts: 114ms, render: 806ms)
 GET /severnaya-orhideya_2 200 in 1180ms (compile: 30ms, render: 1150ms)
 PATCH /api/v1/crm/settings/public-page 200 in 1428ms (compile: 1248ms, render: 180ms)
 GET /severnaya-orhideya_2 200 in 681ms (compile: 101ms, render: 579ms)
 GET /crm/site 200 in 825ms (compile: 94ms, proxy.ts: 17ms, render: 714ms)
 GET /severnaya-orhideya_2 200 in 463ms (compile: 14ms, render: 449ms)
 GET /crm/site 200 in 900ms (compile: 548ms, proxy.ts: 27ms, render: 325ms)
 GET /severnaya-orhideya_2 200 in 918ms (compile: 317ms, render: 600ms)
 GET /crm/site 200 in 617ms (compile: 342ms, proxy.ts: 11ms, render: 264ms)
 GET /severnaya-orhideya_2 200 in 631ms (compile: 138ms, render: 493ms)
 GET /severnaya-orhideya_2 200 in 560ms (compile: 20ms, render: 540ms)
 GET /crm/site 200 in 1062ms (compile: 130ms, proxy.ts: 33ms, render: 899ms)
 GET /severnaya-orhideya_2 200 in 1205ms (compile: 22ms, render: 1183ms)
 GET /severnaya-orhideya_2 200 in 389ms (compile: 12ms, render: 377ms)
 PATCH /api/v1/crm/settings/public-page 200 in 1079ms (compile: 968ms, render: 111ms)
 PATCH /api/v1/crm/settings/public-page 200 in 242ms (compile: 7ms, render: 235ms)
 GET /severnaya-orhideya_2 200 in 684ms (compile: 101ms, render: 582ms)
 PATCH /api/v1/crm/settings/public-page 200 in 94ms (compile: 3ms, render: 91ms)
 PATCH /api/v1/crm/settings/public-page 200 in 199ms (compile: 3ms, render: 196ms)
 GET /severnaya-orhideya_2 200 in 318ms (compile: 17ms, render: 300ms)
 PATCH /api/v1/crm/settings/public-page 200 in 168ms (compile: 9ms, render: 160ms)
 PATCH /api/v1/crm/settings/public-page 200 in 135ms (compile: 6ms, render: 128ms)
 PATCH /api/v1/crm/settings/public-page 200 in 241ms (compile: 4ms, render: 237ms)
 GET /severnaya-orhideya_2 200 in 1060ms (compile: 16ms, render: 1044ms)
 PATCH /api/v1/crm/settings/public-page 200 in 134ms (compile: 3ms, render: 131ms)
 GET /crm/site 200 in 892ms (compile: 577ms, proxy.ts: 37ms, render: 278ms)
 GET /severnaya-orhideya_2 200 in 987ms (compile: 245ms, render: 742ms)
 GET /crm/site 200 in 822ms (compile: 398ms, proxy.ts: 34ms, render: 390ms)
 GET /severnaya-orhideya_2 200 in 840ms (compile: 173ms, render: 667ms)
 GET /severnaya-orhideya_2 200 in 1834ms (compile: 14ms, render: 1820ms)
 GET /severnaya-orhideya_2 200 in 649ms (compile: 21ms, render: 628ms)
 GET /crm/site 200 in 1092ms (compile: 86ms, proxy.ts: 28ms, render: 978ms)
 GET /severnaya-orhideya_2 200 in 1395ms (compile: 25ms, render: 1370ms)
 GET /severnaya-orhideya_2 200 in 418ms (compile: 13ms, render: 406ms)
 GET /severnaya-orhideya_2 200 in 408ms (compile: 13ms, render: 395ms)
 GET /severnaya-orhideya_2 200 in 438ms (compile: 14ms, render: 425ms)
 PATCH /api/v1/crm/settings/public-page 200 in 1163ms (compile: 1009ms, render: 155ms)
 PATCH /api/v1/crm/settings/public-page 200 in 141ms (compile: 4ms, render: 138ms)
 PATCH /api/v1/crm/settings/public-page 200 in 139ms (compile: 4ms, render: 135ms)
 PATCH /api/v1/crm/settings/public-page 200 in 258ms (compile: 3ms, render: 254ms)
 GET /severnaya-orhideya_2 200 in 845ms (compile: 114ms, render: 731ms)
 PATCH /api/v1/crm/settings/public-page 200 in 162ms (compile: 3ms, render: 159ms)
 PATCH /api/v1/crm/settings/public-page 200 in 135ms (compile: 3ms, render: 132ms)
 PATCH /api/v1/crm/settings/public-page 200 in 219ms (compile: 4ms, render: 215ms)
 GET /severnaya-orhideya_2 200 in 627ms (compile: 16ms, render: 611ms)
 GET /crm/site 200 in 909ms (compile: 441ms, proxy.ts: 55ms, render: 412ms)
 GET /severnaya-orhideya_2 200 in 1178ms (compile: 266ms, render: 912ms)
 GET /crm/site 200 in 746ms (compile: 358ms, proxy.ts: 84ms, render: 304ms)
 GET /severnaya-orhideya_2 200 in 757ms (compile: 217ms, render: 540ms)
 GET /crm/site 200 in 651ms (compile: 336ms, proxy.ts: 23ms, render: 292ms)
 GET /severnaya-orhideya_2 200 in 671ms (compile: 121ms, render: 549ms)
 GET /crm/site 200 in 572ms (compile: 280ms, proxy.ts: 19ms, render: 273ms)
 GET /severnaya-orhideya_2 200 in 592ms (compile: 102ms, render: 489ms)
 GET /crm/site 200 in 629ms (compile: 283ms, proxy.ts: 16ms, render: 329ms)
 GET /severnaya-orhideya_2 200 in 649ms (compile: 108ms, render: 541ms)
 GET /crm/login 200 in 1255ms (compile: 1113ms, proxy.ts: 8ms, render: 135ms)
 GET /crm/login 200 in 71ms (compile: 5ms, proxy.ts: 10ms, render: 56ms)
 GET /crm/site 200 in 1258ms (compile: 309ms, proxy.ts: 29ms, render: 920ms)
 GET /severnaya-orhideya_2 200 in 1519ms (compile: 76ms, render: 1443ms)
 GET /crm/site 200 in 700ms (compile: 350ms, proxy.ts: 18ms, render: 332ms)
 GET /severnaya-orhideya_2 200 in 726ms (compile: 160ms, render: 566ms)
 PATCH /api/v1/crm/settings/public-page 200 in 1243ms (compile: 1081ms, render: 161ms)
 PATCH /api/v1/crm/settings/public-page 200 in 480ms (compile: 4ms, render: 476ms)
 GET /severnaya-orhideya_2 200 in 953ms (compile: 112ms, render: 840ms)
 GET /crm/site 200 in 1007ms (compile: 131ms, proxy.ts: 14ms, render: 862ms)
 GET /crm/site 200 in 969ms (compile: 271ms, proxy.ts: 404ms, render: 294ms)
 GET /severnaya-orhideya_2 200 in 1017ms (compile: 283ms, render: 734ms)
 GET /crm/site 200 in 812ms (compile: 421ms, proxy.ts: 25ms, render: 366ms)
 GET /severnaya-orhideya_2 200 in 828ms (compile: 238ms, render: 589ms)
 GET /crm/site 200 in 869ms (compile: 414ms, proxy.ts: 105ms, render: 349ms)
 GET /severnaya-orhideya_2 200 in 886ms (compile: 255ms, render: 631ms)
 PATCH /api/v1/crm/settings/public-page 200 in 1350ms (compile: 1138ms, render: 211ms)
 GET /platform/login 200 in 1435ms (compile: 1240ms, proxy.ts: 19ms, render: 177ms)
 GET /crm/site 200 in 1016ms (compile: 253ms, proxy.ts: 23ms, render: 741ms)
 GET /severnaya-orhideya_2 200 in 1251ms (compile: 68ms, render: 1183ms)
 PATCH /api/v1/crm/settings/public-page 200 in 162ms (compile: 17ms, render: 144ms)
 GET /api/v1/crm/account/media?type=siteCover 401 in 1903ms (compile: 1844ms, render: 59ms)
 GET /api/v1/crm/account/media?type=siteCover 200 in 1923ms (compile: 1845ms, render: 77ms)
 GET /api/v1/crm/account/media?type=siteCover 200 in 50ms (compile: 3ms, render: 47ms)
○ Compiling /api/v1/crm/account/media ...
 PATCH /api/v1/crm/settings/public-page 200 in 149ms (compile: 17ms, render: 132ms)
 GET /platform/login 200 in 668ms (compile: 357ms, proxy.ts: 24ms, render: 286ms)
 GET /crm/site 200 in 833ms (compile: 568ms, proxy.ts: 24ms, render: 241ms)
 GET /severnaya-orhideya_2 200 in 844ms (compile: 234ms, render: 610ms)
 GET /platform/login 200 in 592ms (compile: 280ms, proxy.ts: 20ms, render: 293ms)
 GET /crm/site 200 in 780ms (compile: 477ms, proxy.ts: 20ms, render: 283ms)
 GET /severnaya-orhideya_2 200 in 801ms (compile: 154ms, render: 647ms)
 GET /platform/login 200 in 741ms (compile: 247ms, proxy.ts: 42ms, render: 452ms)
 GET /crm/site 200 in 877ms (compile: 577ms, proxy.ts: 42ms, render: 257ms)
 GET /severnaya-orhideya_2 200 in 891ms (compile: 149ms, render: 742ms)
 GET /platform/login 200 in 606ms (compile: 225ms, proxy.ts: 96ms, render: 284ms)
 GET /crm/site 200 in 763ms (compile: 362ms, proxy.ts: 97ms, render: 305ms)
 GET /severnaya-orhideya_2 200 in 873ms (compile: 198ms, render: 675ms)
 GET /platform/login 200 in 677ms (compile: 276ms, proxy.ts: 118ms, render: 282ms)
 GET /crm/site 200 in 878ms (compile: 473ms, proxy.ts: 118ms, render: 287ms)
 GET /severnaya-orhideya_2 200 in 877ms (compile: 220ms, render: 657ms)
 GET /platform/login 200 in 582ms (compile: 234ms, proxy.ts: 47ms, render: 300ms)
 GET /crm/site 200 in 758ms (compile: 424ms, proxy.ts: 47ms, render: 287ms)
 GET /severnaya-orhideya_2 200 in 763ms (compile: 132ms, render: 631ms)
 GET /platform/login 200 in 587ms (compile: 214ms, proxy.ts: 15ms, render: 358ms)
 GET /crm/site 200 in 730ms (compile: 421ms, proxy.ts: 16ms, render: 293ms)
 GET /severnaya-orhideya_2 200 in 755ms (compile: 111ms, render: 644ms)
 GET /platform/login 200 in 764ms (compile: 376ms, proxy.ts: 51ms, render: 337ms)
 GET /crm/site 200 in 937ms (compile: 632ms, proxy.ts: 51ms, render: 254ms)
 GET /severnaya-orhideya_2 200 in 952ms (compile: 184ms, render: 769ms)
 GET /platform/login 200 in 621ms (compile: 273ms, proxy.ts: 92ms, render: 255ms)
 GET /crm/site 200 in 783ms (compile: 459ms, proxy.ts: 92ms, render: 232ms)
 GET /severnaya-orhideya_2 200 in 798ms (compile: 193ms, render: 605ms)
 GET /platform/login 200 in 1360ms (compile: 542ms, proxy.ts: 31ms, render: 787ms)
 GET /crm/site 200 in 1529ms (compile: 888ms, proxy.ts: 31ms, render: 610ms)
 GET /severnaya-orhideya_2 200 in 1656ms (compile: 119ms, render: 1537ms)
 GET /platform/login 200 in 557ms (compile: 238ms, proxy.ts: 16ms, render: 303ms)
 GET /crm/site 200 in 718ms (compile: 458ms, proxy.ts: 16ms, render: 244ms)
 GET /severnaya-orhideya_2 200 in 737ms (compile: 112ms, render: 625ms)
 GET /platform/login 200 in 785ms (compile: 326ms, proxy.ts: 114ms, render: 345ms)
 GET /crm/site 200 in 1953ms (compile: 468ms, proxy.ts: 113ms, render: 1371ms)
 GET /severnaya-orhideya_2 200 in 3.0s (compile: 223ms, render: 2.8s)
 GET /crm/site 500 in 1933ms (compile: 331ms, proxy.ts: 805ms, render: 797ms)
 GET /severnaya-orhideya_2 500 in 1932ms (compile: 714ms, render: 1218ms)
 GET /platform/login 200 in 154ms (compile: 16ms, proxy.ts: 16ms, render: 123ms)
 GET /platform/login 200 in 1154ms (compile: 215ms, proxy.ts: 405ms, render: 533ms)
 GET /crm/site 500 in 1542ms (compile: 351ms, proxy.ts: 405ms, render: 786ms)
 GET /severnaya-orhideya_2 500 in 1635ms (compile: 298ms, render: 1337ms)
 GET /platform/login 200 in 148ms (compile: 14ms, proxy.ts: 23ms, render: 111ms)
 GET /platform/login 200 in 823ms (compile: 548ms, proxy.ts: 206ms, render: 69ms)
 GET /crm/site 500 in 2.2s (compile: 912ms, proxy.ts: 238ms, render: 1080ms)
 GET /severnaya-orhideya_2 500 in 2.3s (compile: 1150ms, render: 1162ms)
 GET /platform/login 200 in 149ms (compile: 19ms, proxy.ts: 22ms, render: 108ms)
 GET /crm/site 200 in 3.1s (compile: 853ms, proxy.ts: 229ms, render: 1996ms)
 GET /severnaya-orhideya_2 200 in 3.3s (compile: 1089ms, render: 2.2s)
 GET /crm/site 500 in 2.2s (compile: 862ms, proxy.ts: 319ms, render: 1006ms)
 GET /severnaya-orhideya_2 500 in 2.3s (compile: 1184ms, render: 1111ms)
 GET /crm/site 500 in 5.3s (compile: 3.9s, proxy.ts: 166ms, render: 1217ms)
 GET /severnaya-orhideya_2 500 in 5.4s (compile: 4.1s, render: 1350ms)
 GET /crm/site 500 in 1465ms (compile: 511ms, proxy.ts: 47ms, render: 907ms)
 GET /severnaya-orhideya_2 500 in 1593ms (compile: 201ms, render: 1392ms)
 GET /crm/site 200 in 4.0s (compile: 1384ms, proxy.ts: 60ms, render: 2.6s)
 GET /severnaya-orhideya_2 200 in 4.0s (compile: 1301ms, render: 2.7s)
 GET /crm/site 200 in 609ms (compile: 303ms, proxy.ts: 19ms, render: 287ms)
 GET /severnaya-orhideya_2 200 in 626ms (compile: 113ms, render: 512ms)
 GET /crm/site 200 in 671ms (compile: 364ms, proxy.ts: 29ms, render: 278ms)
 GET /severnaya-orhideya_2 200 in 696ms (compile: 118ms, render: 578ms)
 GET /crm/site 200 in 766ms (compile: 335ms, proxy.ts: 24ms, render: 407ms)
 GET /severnaya-orhideya_2 200 in 792ms (compile: 114ms, render: 678ms)
 GET /crm/site 200 in 732ms (compile: 350ms, proxy.ts: 27ms, render: 355ms)
 GET /severnaya-orhideya_2 200 in 752ms (compile: 116ms, render: 637ms)
 GET /crm/site 200 in 708ms (compile: 307ms, proxy.ts: 15ms, render: 386ms)
 GET /severnaya-orhideya_2 200 in 732ms (compile: 113ms, render: 618ms)
 GET /crm/site 200 in 808ms (compile: 370ms, proxy.ts: 43ms, render: 395ms)
 GET /severnaya-orhideya_2 200 in 834ms (compile: 181ms, render: 653ms)
 GET /crm/site 200 in 702ms (compile: 379ms, proxy.ts: 23ms, render: 301ms)
 GET /severnaya-orhideya_2 200 in 725ms (compile: 156ms, render: 568ms)
 GET /crm/site 200 in 752ms (compile: 404ms, proxy.ts: 35ms, render: 313ms)
 GET /severnaya-orhideya_2 200 in 779ms (compile: 218ms, render: 561ms)
 GET /crm/site 200 in 882ms (compile: 307ms, proxy.ts: 14ms, render: 560ms)
 GET /severnaya-orhideya_2 200 in 900ms (compile: 101ms, render: 799ms)
 GET /crm/site 200 in 480ms (compile: 7ms, proxy.ts: 10ms, render: 462ms)
 GET /severnaya-orhideya_2 200 in 530ms (compile: 15ms, render: 514ms)
 GET /crm/site 200 in 911ms (compile: 442ms, proxy.ts: 54ms, render: 415ms)
 GET /severnaya-orhideya_2 200 in 915ms (compile: 258ms, render: 657ms)
 GET /crm/site 200 in 699ms (compile: 372ms, proxy.ts: 15ms, render: 311ms)
 GET /severnaya-orhideya_2 200 in 731ms (compile: 156ms, render: 575ms)
 GET /crm/site 200 in 927ms (compile: 569ms, proxy.ts: 47ms, render: 310ms)
 GET /severnaya-orhideya_2 200 in 942ms (compile: 307ms, render: 635ms)
 GET /crm/site 200 in 574ms (compile: 270ms, proxy.ts: 13ms, render: 291ms)
 GET /severnaya-orhideya_2 200 in 596ms (compile: 101ms, render: 496ms)
 GET /crm/site 200 in 764ms (compile: 401ms, proxy.ts: 103ms, render: 260ms)
 GET /severnaya-orhideya_2 200 in 780ms (compile: 210ms, render: 569ms)
 GET /crm/site 200 in 673ms (compile: 404ms, proxy.ts: 20ms, render: 250ms)
 GET /severnaya-orhideya_2 200 in 699ms (compile: 117ms, render: 582ms)
 GET /crm/site 200 in 671ms (compile: 354ms, proxy.ts: 17ms, render: 300ms)
 GET /severnaya-orhideya_2 200 in 694ms (compile: 146ms, render: 548ms)
 GET /crm/site 200 in 669ms (compile: 309ms, proxy.ts: 13ms, render: 347ms)
 GET /severnaya-orhideya_2 200 in 694ms (compile: 116ms, render: 577ms)
 GET /crm/site 200 in 699ms (compile: 319ms, proxy.ts: 48ms, render: 332ms)
 GET /severnaya-orhideya_2 200 in 708ms (compile: 134ms, render: 573ms)
 GET /crm/site 200 in 877ms (compile: 336ms, proxy.ts: 16ms, render: 525ms)
 GET /severnaya-orhideya_2 200 in 901ms (compile: 121ms, render: 780ms)
 GET /crm/site 200 in 762ms (compile: 365ms, proxy.ts: 24ms, render: 373ms)
 GET /severnaya-orhideya_2 200 in 786ms (compile: 132ms, render: 655ms)
 GET /crm/site 200 in 900ms (compile: 646ms, proxy.ts: 42ms, render: 213ms)
 GET /severnaya-orhideya_2 200 in 917ms (compile: 175ms, render: 742ms)
 GET /crm/site 200 in 697ms (compile: 335ms, proxy.ts: 30ms, render: 333ms)
 GET /severnaya-orhideya_2 200 in 722ms (compile: 135ms, render: 587ms)
 GET /crm/site 200 in 622ms (compile: 301ms, proxy.ts: 12ms, render: 308ms)
 GET /severnaya-orhideya_2 200 in 641ms (compile: 104ms, render: 537ms)
 GET /crm/site 200 in 783ms (compile: 339ms, proxy.ts: 24ms, render: 421ms)
 GET /severnaya-orhideya_2 200 in 814ms (compile: 124ms, render: 691ms)
 PATCH /api/v1/crm/settings/public-page 200 in 2.2s (compile: 1749ms, render: 438ms)
 GET /crm/site 200 in 720ms (compile: 344ms, proxy.ts: 64ms, render: 312ms)
 GET /severnaya-orhideya_2 200 in 736ms (compile: 168ms, render: 568ms)
 PATCH /api/v1/crm/settings/public-page 200 in 139ms (compile: 4ms, render: 135ms)
 PATCH /api/v1/crm/settings/public-page 200 in 128ms (compile: 4ms, render: 124ms)
 PATCH /api/v1/crm/settings/public-page 200 in 243ms (compile: 4ms, render: 239ms)
 GET /severnaya-orhideya_2 200 in 724ms (compile: 23ms, render: 701ms)
 GET /crm/site 200 in 627ms (compile: 7ms, proxy.ts: 12ms, render: 609ms)
 GET /crm/site 200 in 1796ms (compile: 356ms, proxy.ts: 1130ms, render: 311ms)
 GET /crm/site 200 in 406ms (compile: 180ms, proxy.ts: 49ms, render: 177ms)
 GET /severnaya-orhideya_2 200 in 2.1s (compile: 1003ms, render: 1106ms)
 GET /severnaya-orhideya_2 200 in 432ms (compile: 54ms, render: 378ms)
 GET /crm/site 200 in 875ms (compile: 510ms, proxy.ts: 48ms, render: 317ms)
 GET /severnaya-orhideya_2 200 in 911ms (compile: 313ms, render: 598ms)
 GET /crm/site 200 in 905ms (compile: 449ms, proxy.ts: 100ms, render: 356ms)
 GET /severnaya-orhideya_2 200 in 918ms (compile: 225ms, render: 693ms)
 GET /severnaya-orhideya_2 200 in 546ms (compile: 22ms, render: 524ms)
 GET /crm/login 200 in 2.7s (compile: 2.3s, proxy.ts: 108ms, render: 296ms)
 GET /crm/site 200 in 712ms (compile: 287ms, proxy.ts: 31ms, render: 394ms)
 GET /severnaya-orhideya_2 200 in 727ms (compile: 78ms, render: 649ms)
 GET /severnaya-orhideya_2 200 in 523ms (compile: 12ms, render: 512ms)
 GET /crm/site 200 in 1086ms (compile: 8ms, proxy.ts: 101ms, render: 977ms)
 GET /severnaya-orhideya_2 200 in 1266ms (compile: 32ms, render: 1234ms)
 GET /crm/site 200 in 1183ms (compile: 499ms, proxy.ts: 135ms, render: 549ms)
 GET /severnaya-orhideya_2 200 in 1752ms (compile: 381ms, render: 1370ms)
 GET /crm/site 200 in 878ms (compile: 530ms, proxy.ts: 97ms, render: 251ms)
 GET /severnaya-orhideya_2 200 in 909ms (compile: 242ms, render: 667ms)
 GET /crm/login 200 in 1626ms (compile: 1464ms, proxy.ts: 9ms, render: 153ms)
 GET /crm/site 200 in 1285ms (compile: 326ms, proxy.ts: 29ms, render: 930ms)
 GET /severnaya-orhideya_2 200 in 1448ms (compile: 77ms, render: 1371ms)
 GET /severnaya-orhideya_2 200 in 458ms (compile: 13ms, render: 445ms)
 GET /severnaya-orhideya_2 200 in 492ms (compile: 20ms, render: 472ms)
 GET /severnaya-orhideya_2 200 in 499ms (compile: 14ms, render: 485ms)
